$ /Library/TeX/texbin/pdflatex -interaction=nonstopmode -halt-on-error -file-line-error -output-directory=tmp/latex-verify-current informe_avance.tex
This is pdfTeX, Version 3.141592653-2.6-1.40.29 (TeX Live 2026) (preloaded format=pdflatex)
 restricted \write18 enabled.
entering extended mode
(./informe_avance.tex
LaTeX2e <2025-11-01>
L3 programming layer <2026-01-19>
(/usr/local/texlive/2026basic/texmf-dist/tex/latex/base/article.cls
Document Class: article 2025/01/22 v1.4n Standard LaTeX document class
(/usr/local/texlive/2026basic/texmf-dist/tex/latex/base/size12.clo))
(/usr/local/texlive/2026basic/texmf-dist/tex/latex/base/inputenc.sty)
(/usr/local/texlive/2026basic/texmf-dist/tex/latex/base/fontenc.sty)
(/usr/local/texlive/2026basic/texmf-dist/tex/latex/lm/lmodern.sty)
(/usr/local/texlive/2026basic/texmf-dist/tex/generic/babel/babel.sty
(/usr/local/texlive/2026basic/texmf-dist/tex/generic/babel/txtbabel.def)
(/usr/local/texlive/2026basic/texmf-dist/tex/generic/babel/locale/es/babel-span
ish.tex)
(/usr/local/texlive/2026basic/texmf-dist/tex/generic/babel-spanish/spanish.ldf)
) (/usr/local/texlive/2026basic/texmf-dist/tex/latex/geometry/geometry.sty
(/usr/local/texlive/2026basic/texmf-dist/tex/latex/graphics/keyval.sty)
(/usr/local/texlive/2026basic/texmf-dist/tex/generic/iftex/ifvtex.sty
(/usr/local/texlive/2026basic/texmf-dist/tex/generic/iftex/iftex.sty)))
(/usr/local/texlive/2026basic/texmf-dist/tex/latex/booktabs/booktabs.sty)
(/usr/local/texlive/2026basic/texmf-dist/tex/latex/amsmath/amsmath.sty
For additional information on amsmath, use the `?' option.
(/usr/local/texlive/2026basic/texmf-dist/tex/latex/amsmath/amstext.sty
(/usr/local/texlive/2026basic/texmf-dist/tex/latex/amsmath/amsgen.sty))
(/usr/local/texlive/2026basic/texmf-dist/tex/latex/amsmath/amsbsy.sty)
(/usr/local/texlive/2026basic/texmf-dist/tex/latex/amsmath/amsopn.sty))
(/usr/local/texlive/2026basic/texmf-dist/tex/latex/float/float.sty)
(/usr/local/texlive/2026basic/texmf-dist/tex/latex/graphics/graphicx.sty
(/usr/local/texlive/2026basic/texmf-dist/tex/latex/graphics/graphics.sty
(/usr/local/texlive/2026basic/texmf-dist/tex/latex/graphics/trig.sty)
(/usr/local/texlive/2026basic/texmf-dist/tex/latex/graphics-cfg/graphics.cfg)
(/usr/local/texlive/2026basic/texmf-dist/tex/latex/graphics-def/pdftex.def)))
(/usr/local/texlive/2026basic/texmf-dist/tex/latex/tools/tabularx.sty
(/usr/local/texlive/2026basic/texmf-dist/tex/latex/tools/array.sty))
(/usr/local/texlive/2026basic/texmf-dist/tex/latex/hyperref/hyperref.sty
(/usr/local/texlive/2026basic/texmf-dist/tex/latex/kvsetkeys/kvsetkeys.sty)
(/usr/local/texlive/2026basic/texmf-dist/tex/generic/kvdefinekeys/kvdefinekeys.
sty)
(/usr/local/texlive/2026basic/texmf-dist/tex/generic/pdfescape/pdfescape.sty
(/usr/local/texlive/2026basic/texmf-dist/tex/generic/ltxcmds/ltxcmds.sty)
(/usr/local/texlive/2026basic/texmf-dist/tex/generic/pdftexcmds/pdftexcmds.sty
(/usr/local/texlive/2026basic/texmf-dist/tex/generic/infwarerr/infwarerr.sty)))
 (/usr/local/texlive/2026basic/texmf-dist/tex/latex/hycolor/hycolor.sty)
(/usr/local/texlive/2026basic/texmf-dist/tex/latex/hyperref/nameref.sty
(/usr/local/texlive/2026basic/texmf-dist/tex/latex/refcount/refcount.sty)
(/usr/local/texlive/2026basic/texmf-dist/tex/generic/gettitlestring/gettitlestr
ing.sty
(/usr/local/texlive/2026basic/texmf-dist/tex/latex/kvoptions/kvoptions.sty)))
(/usr/local/texlive/2026basic/texmf-dist/tex/latex/etoolbox/etoolbox.sty)
(/usr/local/texlive/2026basic/texmf-dist/tex/generic/stringenc/stringenc.sty)
(/usr/local/texlive/2026basic/texmf-dist/tex/latex/hyperref/pd1enc.def)
(/usr/local/texlive/2026basic/texmf-dist/tex/generic/intcalc/intcalc.sty)
(/usr/local/texlive/2026basic/texmf-dist/tex/latex/hyperref/puenc.def)
(/usr/local/texlive/2026basic/texmf-dist/tex/latex/url/url.sty)
(/usr/local/texlive/2026basic/texmf-dist/tex/generic/bitset/bitset.sty
(/usr/local/texlive/2026basic/texmf-dist/tex/generic/bigintcalc/bigintcalc.sty)
)) (/usr/local/texlive/2026basic/texmf-dist/tex/latex/hyperref/hpdftex.def
(/usr/local/texlive/2026basic/texmf-dist/tex/latex/rerunfilecheck/rerunfilechec
k.sty
(/usr/local/texlive/2026basic/texmf-dist/tex/generic/uniquecounter/uniquecounte
r.sty))) (/usr/local/texlive/2026basic/texmf-dist/tex/latex/lm/t1lmr.fd)
(/usr/local/texlive/2026basic/texmf-dist/tex/latex/l3backend/l3backend-pdftex.d
ef)
No file informe_avance.aux.
*geometry* driver: auto-detecting
*geometry* detected driver: pdftex
(/usr/local/texlive/2026basic/texmf-dist/tex/context/base/mkii/supp-pdf.mkii
[Loading MPS to PDF converter (version 2006.09.02).]
)
(/usr/local/texlive/2026basic/texmf-dist/tex/latex/epstopdf-pkg/epstopdf-base.s
ty
(/usr/local/texlive/2026basic/texmf-dist/tex/latex/latexconfig/epstopdf-sys.cfg
)) (/usr/local/texlive/2026basic/texmf-dist/tex/latex/graphics/color.sty
(/usr/local/texlive/2026basic/texmf-dist/tex/latex/graphics-cfg/color.cfg)
(/usr/local/texlive/2026basic/texmf-dist/tex/latex/graphics/mathcolor.ltx))
(/usr/local/texlive/2026basic/texmf-dist/tex/latex/lm/ot1lmr.fd)
(/usr/local/texlive/2026basic/texmf-dist/tex/latex/lm/omllmm.fd)
(/usr/local/texlive/2026basic/texmf-dist/tex/latex/lm/omslmsy.fd)
(/usr/local/texlive/2026basic/texmf-dist/tex/latex/lm/omxlmex.fd)
(/usr/local/texlive/2026basic/texmf-dist/tex/latex/lm/t1lmtt.fd) [1{/usr/local/
texlive/2026basic/texmf-var/fonts/map/pdftex/updmap/pdftex.map}{/usr/local/texl
ive/2026basic/texmf-dist/fonts/enc/dvips/lm/lm-ec.enc}] [2] [3] [4 <./output/fi
gures/distribucion_clases.pdf>] [5{/usr/local/texlive/2026basic/texmf-dist/font
s/enc/dvips/lm/lm-rm.enc}{/usr/local/texlive/2026basic/texmf-dist/fonts/enc/dvi
ps/lm/lm-mathit.enc}{/usr/local/texlive/2026basic/texmf-dist/fonts/enc/dvips/lm
/lm-mathsy.enc} <./output/figures/proceso_ai_studio.png>] [6 <./output/figures/
proceso_cross_validation.png>] [7 <./output/figures/errores_clase_positiva.pdf>
] [8 <./output/figures/matriz_confusion_dt_base.pdf>]

LaTeX Warning: Reference `tab:base-model-comparison' on page 9 undefined on inp
ut line 226.

[9 <./output/figures/errores_clase_positiva_naive_bayes.pdf> <./output/figures/
matriz_confusion_nb_base.pdf>] [10 <./output/figures/comparacion_modelos.pdf>]
[11] (tmp/latex-verify-current/informe_avance.aux)

LaTeX Warning: There were undefined references.


LaTeX Warning: Label(s) may have changed. Rerun to get cross-references right.


Package rerunfilecheck Warning: File `informe_avance.out' has changed.
(rerunfilecheck)                Rerun to get outlines right
(rerunfilecheck)                or use package `bookmark'.

 )</usr/local/texlive/2026basic/texmf-dist/fonts/type1/public/lm/lmbx10.pfb></u
sr/local/texlive/2026basic/texmf-dist/fonts/type1/public/lm/lmbx12.pfb></usr/lo
cal/texlive/2026basic/texmf-dist/fonts/type1/public/lm/lmmi12.pfb></usr/local/t
exlive/2026basic/texmf-dist/fonts/type1/public/lm/lmr10.pfb></usr/local/texlive
/2026basic/texmf-dist/fonts/type1/public/lm/lmr12.pfb></usr/local/texlive/2026b
asic/texmf-dist/fonts/type1/public/lm/lmr17.pfb></usr/local/texlive/2026basic/t
exmf-dist/fonts/type1/public/lm/lmr8.pfb></usr/local/texlive/2026basic/texmf-di
st/fonts/type1/public/lm/lmri12.pfb></usr/local/texlive/2026basic/texmf-dist/fo
nts/type1/public/lm/lmsy10.pfb></usr/local/texlive/2026basic/texmf-dist/fonts/t
ype1/public/lm/lmtt12.pfb>
Output written on tmp/latex-verify-current/informe_avance.pdf (11 pages, 397114
 bytes).
Transcript written on tmp/latex-verify-current/informe_avance.log.
PASS1_EXIT=0
$ /Library/TeX/texbin/pdflatex -interaction=nonstopmode -halt-on-error -file-line-error -output-directory=tmp/latex-verify-current informe_avance.tex
This is pdfTeX, Version 3.141592653-2.6-1.40.29 (TeX Live 2026) (preloaded format=pdflatex)
 restricted \write18 enabled.
entering extended mode
(./informe_avance.tex
LaTeX2e <2025-11-01>
L3 programming layer <2026-01-19>
(/usr/local/texlive/2026basic/texmf-dist/tex/latex/base/article.cls
Document Class: article 2025/01/22 v1.4n Standard LaTeX document class
(/usr/local/texlive/2026basic/texmf-dist/tex/latex/base/size12.clo))
(/usr/local/texlive/2026basic/texmf-dist/tex/latex/base/inputenc.sty)
(/usr/local/texlive/2026basic/texmf-dist/tex/latex/base/fontenc.sty)
(/usr/local/texlive/2026basic/texmf-dist/tex/latex/lm/lmodern.sty)
(/usr/local/texlive/2026basic/texmf-dist/tex/generic/babel/babel.sty
(/usr/local/texlive/2026basic/texmf-dist/tex/generic/babel/txtbabel.def)
(/usr/local/texlive/2026basic/texmf-dist/tex/generic/babel/locale/es/babel-span
ish.tex)
(/usr/local/texlive/2026basic/texmf-dist/tex/generic/babel-spanish/spanish.ldf)
) (/usr/local/texlive/2026basic/texmf-dist/tex/latex/geometry/geometry.sty
(/usr/local/texlive/2026basic/texmf-dist/tex/latex/graphics/keyval.sty)
(/usr/local/texlive/2026basic/texmf-dist/tex/generic/iftex/ifvtex.sty
(/usr/local/texlive/2026basic/texmf-dist/tex/generic/iftex/iftex.sty)))
(/usr/local/texlive/2026basic/texmf-dist/tex/latex/booktabs/booktabs.sty)
(/usr/local/texlive/2026basic/texmf-dist/tex/latex/amsmath/amsmath.sty
For additional information on amsmath, use the `?' option.
(/usr/local/texlive/2026basic/texmf-dist/tex/latex/amsmath/amstext.sty
(/usr/local/texlive/2026basic/texmf-dist/tex/latex/amsmath/amsgen.sty))
(/usr/local/texlive/2026basic/texmf-dist/tex/latex/amsmath/amsbsy.sty)
(/usr/local/texlive/2026basic/texmf-dist/tex/latex/amsmath/amsopn.sty))
(/usr/local/texlive/2026basic/texmf-dist/tex/latex/float/float.sty)
(/usr/local/texlive/2026basic/texmf-dist/tex/latex/graphics/graphicx.sty
(/usr/local/texlive/2026basic/texmf-dist/tex/latex/graphics/graphics.sty
(/usr/local/texlive/2026basic/texmf-dist/tex/latex/graphics/trig.sty)
(/usr/local/texlive/2026basic/texmf-dist/tex/latex/graphics-cfg/graphics.cfg)
(/usr/local/texlive/2026basic/texmf-dist/tex/latex/graphics-def/pdftex.def)))
(/usr/local/texlive/2026basic/texmf-dist/tex/latex/tools/tabularx.sty
(/usr/local/texlive/2026basic/texmf-dist/tex/latex/tools/array.sty))
(/usr/local/texlive/2026basic/texmf-dist/tex/latex/hyperref/hyperref.sty
(/usr/local/texlive/2026basic/texmf-dist/tex/latex/kvsetkeys/kvsetkeys.sty)
(/usr/local/texlive/2026basic/texmf-dist/tex/generic/kvdefinekeys/kvdefinekeys.
sty)
(/usr/local/texlive/2026basic/texmf-dist/tex/generic/pdfescape/pdfescape.sty
(/usr/local/texlive/2026basic/texmf-dist/tex/generic/ltxcmds/ltxcmds.sty)
(/usr/local/texlive/2026basic/texmf-dist/tex/generic/pdftexcmds/pdftexcmds.sty
(/usr/local/texlive/2026basic/texmf-dist/tex/generic/infwarerr/infwarerr.sty)))
 (/usr/local/texlive/2026basic/texmf-dist/tex/latex/hycolor/hycolor.sty)
(/usr/local/texlive/2026basic/texmf-dist/tex/latex/hyperref/nameref.sty
(/usr/local/texlive/2026basic/texmf-dist/tex/latex/refcount/refcount.sty)
(/usr/local/texlive/2026basic/texmf-dist/tex/generic/gettitlestring/gettitlestr
ing.sty
(/usr/local/texlive/2026basic/texmf-dist/tex/latex/kvoptions/kvoptions.sty)))
(/usr/local/texlive/2026basic/texmf-dist/tex/latex/etoolbox/etoolbox.sty)
(/usr/local/texlive/2026basic/texmf-dist/tex/generic/stringenc/stringenc.sty)
(/usr/local/texlive/2026basic/texmf-dist/tex/latex/hyperref/pd1enc.def)
(/usr/local/texlive/2026basic/texmf-dist/tex/generic/intcalc/intcalc.sty)
(/usr/local/texlive/2026basic/texmf-dist/tex/latex/hyperref/puenc.def)
(/usr/local/texlive/2026basic/texmf-dist/tex/latex/url/url.sty)
(/usr/local/texlive/2026basic/texmf-dist/tex/generic/bitset/bitset.sty
(/usr/local/texlive/2026basic/texmf-dist/tex/generic/bigintcalc/bigintcalc.sty)
)) (/usr/local/texlive/2026basic/texmf-dist/tex/latex/hyperref/hpdftex.def
(/usr/local/texlive/2026basic/texmf-dist/tex/latex/rerunfilecheck/rerunfilechec
k.sty
(/usr/local/texlive/2026basic/texmf-dist/tex/generic/uniquecounter/uniquecounte
r.sty))) (/usr/local/texlive/2026basic/texmf-dist/tex/latex/lm/t1lmr.fd)
(/usr/local/texlive/2026basic/texmf-dist/tex/latex/l3backend/l3backend-pdftex.d
ef) (tmp/latex-verify-current/informe_avance.aux)
*geometry* driver: auto-detecting
*geometry* detected driver: pdftex
(/usr/local/texlive/2026basic/texmf-dist/tex/context/base/mkii/supp-pdf.mkii
[Loading MPS to PDF converter (version 2006.09.02).]
)
(/usr/local/texlive/2026basic/texmf-dist/tex/latex/epstopdf-pkg/epstopdf-base.s
ty
(/usr/local/texlive/2026basic/texmf-dist/tex/latex/latexconfig/epstopdf-sys.cfg
)) (/usr/local/texlive/2026basic/texmf-dist/tex/latex/graphics/color.sty
(/usr/local/texlive/2026basic/texmf-dist/tex/latex/graphics-cfg/color.cfg)
(/usr/local/texlive/2026basic/texmf-dist/tex/latex/graphics/mathcolor.ltx))
(tmp/latex-verify-current/informe_avance.out)
(tmp/latex-verify-current/informe_avance.out)
(/usr/local/texlive/2026basic/texmf-dist/tex/latex/lm/ot1lmr.fd)
(/usr/local/texlive/2026basic/texmf-dist/tex/latex/lm/omllmm.fd)
(/usr/local/texlive/2026basic/texmf-dist/tex/latex/lm/omslmsy.fd)
(/usr/local/texlive/2026basic/texmf-dist/tex/latex/lm/omxlmex.fd)
(/usr/local/texlive/2026basic/texmf-dist/tex/latex/lm/t1lmtt.fd) [1{/usr/local/
texlive/2026basic/texmf-var/fonts/map/pdftex/updmap/pdftex.map}{/usr/local/texl
ive/2026basic/texmf-dist/fonts/enc/dvips/lm/lm-ec.enc}] [2] [3] [4 <./output/fi
gures/distribucion_clases.pdf>] [5{/usr/local/texlive/2026basic/texmf-dist/font
s/enc/dvips/lm/lm-rm.enc}{/usr/local/texlive/2026basic/texmf-dist/fonts/enc/dvi
ps/lm/lm-mathit.enc}{/usr/local/texlive/2026basic/texmf-dist/fonts/enc/dvips/lm
/lm-mathsy.enc} <./output/figures/proceso_ai_studio.png>] [6 <./output/figures/
proceso_cross_validation.png>] [7 <./output/figures/errores_clase_positiva.pdf>
] [8 <./output/figures/matriz_confusion_dt_base.pdf>] [9 <./output/figures/erro
res_clase_positiva_naive_bayes.pdf> <./output/figures/matriz_confusion_nb_base.
pdf>] [10 <./output/figures/comparacion_modelos.pdf>] [11]
(tmp/latex-verify-current/informe_avance.aux) )</usr/local/texlive/2026basic/te
xmf-dist/fonts/type1/public/lm/lmbx10.pfb></usr/local/texlive/2026basic/texmf-d
ist/fonts/type1/public/lm/lmbx12.pfb></usr/local/texlive/2026basic/texmf-dist/f
onts/type1/public/lm/lmmi12.pfb></usr/local/texlive/2026basic/texmf-dist/fonts/
type1/public/lm/lmr10.pfb></usr/local/texlive/2026basic/texmf-dist/fonts/type1/
public/lm/lmr12.pfb></usr/local/texlive/2026basic/texmf-dist/fonts/type1/public
/lm/lmr17.pfb></usr/local/texlive/2026basic/texmf-dist/fonts/type1/public/lm/lm
r8.pfb></usr/local/texlive/2026basic/texmf-dist/fonts/type1/public/lm/lmri12.pf
b></usr/local/texlive/2026basic/texmf-dist/fonts/type1/public/lm/lmsy10.pfb></u
sr/local/texlive/2026basic/texmf-dist/fonts/type1/public/lm/lmtt12.pfb>
Output written on tmp/latex-verify-current/informe_avance.pdf (11 pages, 398209
 bytes).
Transcript written on tmp/latex-verify-current/informe_avance.log.
PASS2_EXIT=0
VERIFY_DIR=tmp/latex-verify-current
--- route check ---
OK output/figures/distribucion_clases.pdf
OK output/figures/proceso_ai_studio.png
OK output/figures/proceso_cross_validation.png
OK output/figures/errores_clase_positiva.pdf
OK output/figures/matriz_confusion_dt_base.pdf
OK output/figures/errores_clase_positiva_naive_bayes.pdf
OK output/figures/matriz_confusion_nb_base.pdf
OK output/figures/comparacion_modelos.pdf
--- second-pass diagnostic counts ---
fatal/errors: 0
undefined refs/cites: 0
rerun warnings: 5
overfull boxes: 0
underfull boxes: 0
LaTeX warnings: 0
--- relevant second-pass diagnostics ---
(/usr/local/texlive/2026basic/texmf-dist/tex/latex/rerunfilecheck/rerunfilechec
Package: rerunfilecheck 2025-06-21 v1.11 Rerun checks for auxiliary files (HO)
Package uniquecounter Info: New unique counter `rerunfilecheck' on input line 2
Package rerunfilecheck Info: File `informe_avance.out' has not changed.
(rerunfilecheck)             Checksum: A824E661FE1EB1017EA6C4213511240A;2337.
--- pdfinfo (temporary PDF) ---
Title:           Comparación de algoritmos de clasificación supervisada sobre Seismic-Bumps
Subject:         
Keywords:        
Author:          
Creator:         LaTeX with hyperref
Producer:        pdfTeX-1.40.29
CreationDate:    Sun Jul 19 00:49:37 2026 -03
ModDate:         Sun Jul 19 00:49:37 2026 -03
Custom Metadata: yes
Metadata Stream: no
Tagged:          no
UserProperties:  no
Suspects:        no
Form:            none
JavaScript:      no
Pages:           11
Encrypted:       no
Page size:       595.276 x 841.89 pts (A4)
Page rot:        0
File size:       398209 bytes
Optimized:       no
PDF version:     1.7
--- source/output hashes before final copy ---
9ec9877d917ea63625341a1ab1d5acfd92ea190cf2510232775ac6b0e2881f52  informe_avance.tex
4fa48dfcc08c9c5ea0f46e043a254d1afad7372cceb0255318bbd6395bec535b  tmp/latex-verify-current/informe_avance.pdf
aecf2b189b47d0c7133b8d19727d26ba09970b279343f93abf9ee1ac74eea97f  output/pdf/informe_avance.pdf
--- copy successful verification PDF ---
--- pdfinfo (final PDF) ---
Title:           Comparación de algoritmos de clasificación supervisada sobre Seismic-Bumps
Subject:         
Keywords:        
Author:          
Creator:         LaTeX with hyperref
Producer:        pdfTeX-1.40.29
CreationDate:    Sun Jul 19 00:49:37 2026 -03
ModDate:         Sun Jul 19 00:49:37 2026 -03
Custom Metadata: yes
Metadata Stream: no
Tagged:          no
UserProperties:  no
Suspects:        no
Form:            none
JavaScript:      no
Pages:           11
Encrypted:       no
Page size:       595.276 x 841.89 pts (A4)
Page rot:        0
File size:       398209 bytes
Optimized:       no
PDF version:     1.7
--- final hash ---
4fa48dfcc08c9c5ea0f46e043a254d1afad7372cceb0255318bbd6395bec535b  output/pdf/informe_avance.pdf
